You are in the main room.
There is a table here.
> You say, "Hello," to no one in particular. No one answers.
> You are in the main room.
There is a table here.
> > You can't do that.
> You say, "Hello," to no one in particular. No one answers.
> You can't take that.
> It is an ordinary wooden table.
> You can't GET that.
> You see nothing of interest.
> You move the table slightly. Underneath you see a coin.
> You can't do that.
> Someone has already moved it.
> You are in the main room.
There is a table here.
There is a coin here.
> It is a small gold coin with an inscription on the edge.
> 