You are in the main room. There is a doorway to the east.
There is a table here.
> You are in the auxiliary room. There is a hole in the wall. There is a doorway to the west. There is a cliff to the east.
> You fall off a cliff. Game over.
